// Vitest Snapshot v1

exports[`[vite] subscribe module > dist files output [cold mode] 1`] = `
{
  "imports": {},
}
`;

exports[`[vite] subscribe module > dist files output [hot mode] 1`] = `
{
  "imports": {
    "dubhe-esbuildpub": "http://127.0.0.1:8081/core",
    "dubhe-viteout": "http://127.0.0.1:8080/core",
  },
}
`;

exports[`[vite] subscribe module > dist files output [hot mode] 2`] = `
"<!DOCTYPE html>
<html lang=\\"en\\">
  <head>
    <script src=\\"https://ga.jspm.io/npm:es-module-shims@1.6.2/dist/es-module-shims.js\\"></script>

    <meta charset=\\"UTF-8\\" />
    <link rel=\\"icon\\" type=\\"image/svg+xml\\" href=\\"/vite.svg\\" />
    <meta name=\\"viewport\\" content=\\"width=device-width, initial-scale=1.0\\" />
    <title>Vite + Vue + TS</title>
    <script type=\\"importmap\\">{\\"imports\\":{\\"dubhe-viteout\\":\\"http://127.0.0.1:8080/core\\",\\"dubhe-esbuildpub\\":\\"http://127.0.0.1:8081/core\\"}}</script>
    <script type=\\"module\\" crossorigin src=\\"/assets/index-d90a6471.js\\"></script>
    <link rel=\\"stylesheet\\" href=\\"/assets/index-78058d01.css\\">

    <script type=\\"systemjs-importmap\\" nomodule>{\\"imports\\":{\\"dubhe-viteout\\":\\"http://127.0.0.1:8080/systemjs\\",\\"dubhe-esbuildpub\\":\\"http://127.0.0.1:8081/systemjs\\"}}</script>
  </head>
  <body>
    <div id=\\"app\\"></div>
    
  </body>
</html>
"
`;
