// Vitest Snapshot v1

exports[`[vite] publish module > core files output 1`] = `
{
  "alias": [
    {
      "name": "test",
      "url": "test.dubhe-viteout",
    },
    {
      "name": "app",
      "url": "App.dubhe-viteout",
    },
    {
      "name": "hello",
      "url": "HelloWorld.dubhe-viteout",
    },
  ],
  "bundleGraph": {
    "App": [
      "_plugin-vue_export-helper.dubhe-viteout.js",
    ],
    "HelloWorld": [
      "_plugin-vue_export-helper.dubhe-viteout.js",
    ],
    "_plugin-vue_export-helper": [],
    "test": [],
  },
  "entryFileMap": {
    "app": "src/App.vue",
    "hello": "src/components/HelloWorld.vue",
    "test": "src/modules/test.ts",
  },
  "externals": [
    "element-plus/es",
    "element-plus/es/components/button/style/css",
    "vue",
  ],
  "files": [
    "remoteEntry.js",
    "test.dubhe-viteout.js",
    "App.dubhe-viteout.js",
    "HelloWorld.dubhe-viteout.js",
    "_plugin-vue_export-helper.dubhe-viteout.js",
  ],
  "from": "vite",
  "importsGraph": {
    "element-plus/es": [
      "ElButton",
    ],
    "element-plus/es/components/button/style/css": [],
    "vue": [
      "openBlock",
      "createElementBlock",
      "defineComponent",
      "Fragment",
      "createElementVNode",
      "toDisplayString",
      "createVNode",
      "withCtx",
      "createTextVNode",
      "pushScopeId",
      "popScopeId",
    ],
  },
  "meta": null,
  "sourceGraph": {
    "src/App.vue": [
      "src/components/Share.vue",
      "src/App.vue",
    ],
    "src/components/HelloWorld.vue": [
      "src/components/HelloWorld.vue",
    ],
    "src/modules/test.ts": [
      "src/modules/test.ts",
    ],
  },
  "timestamp": "2023-02-31",
  "version": "0.0.0",
}
`;

exports[`[vite] publish module > types files output 1`] = `
"[\\"src/App.vue.d.ts\\",\\"src/components/HelloWorld.vue.d.ts\\",\\"src/components/Share.vue.d.ts\\",\\"src/modules/test.d.ts\\",\\"src/vite-env.d.ts\\",\\"types.json\\"]
"
`;
